// Jest Snapshot v1, https://goo.gl/fbAQLP

exports[`>>> LastAffUserCard --- Shallow Render ManagerCard component +++ render correctly and match snapshot 1`] = `
<div
  className="row-0-2-5 paper-0-2-9"
>
  <div
    className="nameContainer-0-2-6"
  >
    <div
      className="avatarContainer-0-2-11"
    >
      <div
        className="dot-0-2-10"
      />
      <span
        className="avatarGroup-0-2-12 avatarGroup-d0-0-2-13"
      >
        YS
      </span>
    </div>
    <p
      className="text-0-2-14 text-d0-0-2-15"
    >
      choukri jermouni
    </p>
  </div>
  <div
    className="card-0-2-7"
  >
    <span
      className="icon-last-login-user-alph-iconfont icon-0-2-8"
    />
    <p
      className="text-0-2-16 text-d0-0-2-17"
    >
      01/01/2020
    </p>
  </div>
</div>
`;
